// Vitest Snapshot v1, https://vitest.dev/guide/snapshot.html

exports[`ProjectSelection - Snapshot Tests > matches snapshot for loading state 1`] = `
<div>
  <main
    aria-label="Project Selection"
    class="min-h-screen bg-white dark:bg-slate-900 flex flex-col items-center justify-center p-8"
    role="main"
  >
    <div
      aria-hidden="true"
      class="animate-spin w-8 h-8 border-4 border-blue-600 border-t-transparent rounded-full"
      data-testid="loading-spinner"
    />
    <p
      class="mt-4 text-slate-600 dark:text-slate-400"
    >
      Loading projects from P6...
    </p>
  </main>
</div>
`;
